// Jest Snapshot v1, https://goo.gl/fbAQLP

exports[`match on Shallow mode 1`] = `
<FlatList
  ListHeaderComponent={[Function]}
  data={
    Array [
      Object {
        "author": "author",
        "date": 1517096810066,
        "id": "1234",
        "num_comments": 3,
        "score": 2,
        "selectItem": [Function],
        "thumbnail": "thumbnail.jpg",
        "title": "title",
        "url": "http://example.com",
      },
    ]
  }
  disableVirtualization={false}
  horizontal={false}
  initialNumToRender={10}
  keyExtractor={[Function]}
  maxToRenderPerBatch={10}
  numColumns={1}
  onEndReachedThreshold={2}
  refreshControl={
    <RefreshControlMock
      onRefresh={[Function]}
      refreshing={true}
    />
  }
  refreshing={true}
  renderItem={[Function]}
  scrollEventThrottle={50}
  updateCellsBatchingPeriod={50}
  windowSize={21}
/>
`;
