// Jest Snapshot v1, https://goo.gl/fbAQLP

exports[`Reducer action: FEED_DATA__UPDATE 1`] = `
Array [
  Object {
    "id": 1,
    "post": "post-1",
    "url": "url-1",
  },
  Object {
    "id": 1,
    "post": "post-1",
    "url": "url-1",
  },
]
`;

exports[`Reducer action: FEED_DATA__UPDATE with no data 1`] = `Array []`;

exports[`Reducer other action 1`] = `Array []`;
